src/components/ErrorBoundary.tsx(1,8): error TS6133: 'React' is declared but its value is never read.
src/components/ErrorBoundary.tsx(1,28): error TS1484: 'ErrorInfo' is a type and must be imported using a type-only import when 'verbatimModuleSyntax' is enabled.
src/components/ErrorBoundary.tsx(1,39): error TS1484: 'ReactNode' is a type and must be imported using a type-only import when 'verbatimModuleSyntax' is enabled.
src/components/TrainTable.tsx(2,16): error TS6133: 'Pause' is declared but its value is never read.
src/components/whatif/MapSimulation.tsx(4,10): error TS6133: 'useEffect' is declared but its value is never read.
src/components/whatif/MapSimulation.tsx(5,1): error TS6133: 'Train' is declared but its value is never read.
src/components/whatif/MapSimulation.tsx(5,10): error TS1484: 'Train' is a type and must be imported using a type-only import when 'verbatimModuleSyntax' is enabled.
src/components/whatif/MapSimulation.tsx(51,12): error TS6133: 'mapStyle' is declared but its value is never read.
src/components/whatif/MapSimulation.tsx(51,22): error TS6133: 'setMapStyle' is declared but its value is never read.
src/components/WhatIfDashboard.tsx(1,8): error TS6133: 'React' is declared but its value is never read.
src/components/WhatIfDashboard.tsx(38,11): error TS6133: 'handleDelayChange' is declared but its value is never read.
src/components/WhatIfDashboard.tsx(38,32): error TS7006: Parameter 'trainId' implicitly has an 'any' type.
src/components/WhatIfDashboard.tsx(38,41): error TS7006: Parameter 'mins' implicitly has an 'any' type.
src/components/WhatIfDashboard.tsx(42,25): error TS2339: Property 'modifiers' does not exist on type '{ weather: string; train_delays: {}; block_maintenance: never[]; speed_limits: {}; simulation_horizon_minutes: number; }'.
src/components/WhatIfDashboard.tsx(44,29): error TS2339: Property 'modifiers' does not exist on type '{ weather: string; train_delays: {}; block_maintenance: never[]; speed_limits: {}; simulation_horizon_minutes: number; }'.
src/components/WhatIfDashboard.tsx(52,29): error TS7006: Parameter 'field' implicitly has an 'any' type.
src/components/WhatIfDashboard.tsx(52,36): error TS7006: Parameter 'value' implicitly has an 'any' type.
src/components/WhatIfDashboard.tsx(56,32): error TS7006: Parameter 'blockId' implicitly has an 'any' type.
src/components/WhatIfDashboard.tsx(57,21): error TS2345: Argument of type '(prev: { weather: string; train_delays: {}; block_maintenance: never[]; speed_limits: {}; simulation_horizon_minutes: number; }) => { block_maintenance: any[]; weather: string; train_delays: {}; speed_limits: {}; simulation_horizon_minutes: number; }' is not assignable to parameter of type 'SetStateAction<{ weather: string; train_delays: {}; block_maintenance: never[]; speed_limits: {}; simulation_horizon_minutes: number; }>'.
  Type '(prev: { weather: string; train_delays: {}; block_maintenance: never[]; speed_limits: {}; simulation_horizon_minutes: number; }) => { block_maintenance: any[]; weather: string; train_delays: {}; speed_limits: {}; simulation_horizon_minutes: number; }' is not assignable to type '(prevState: { weather: string; train_delays: {}; block_maintenance: never[]; speed_limits: {}; simulation_horizon_minutes: number; }) => { weather: string; train_delays: {}; block_maintenance: never[]; speed_limits: {}; simulation_horizon_minutes: number; }'.
    Call signature return types '{ block_maintenance: any[]; weather: string; train_delays: {}; speed_limits: {}; simulation_horizon_minutes: number; }' and '{ weather: string; train_delays: {}; block_maintenance: never[]; speed_limits: {}; simulation_horizon_minutes: number; }' are incompatible.
      The types of 'block_maintenance' are incompatible between these types.
        Type 'any[]' is not assignable to type 'never[]'.
          Type 'any' is not assignable to type 'never'.
src/components/WhatIfDashboard.tsx(59,45): error TS2345: Argument of type 'any' is not assignable to parameter of type 'never'.
src/components/WhatIfDashboard.tsx(160,49): error TS2339: Property 'id' does not exist on type 'never'.
src/components/WhatIfDashboard.tsx(162,92): error TS2339: Property 'id' does not exist on type 'never'.
src/components/WhatIfDashboard.tsx(163,81): error TS2339: Property 'name' does not exist on type 'never'.
src/components/WhatIfDashboard.tsx(169,52): error TS7053: Element implicitly has an 'any' type because expression of type 'any' can't be used to index type '{}'.
src/components/WhatIfDashboard.tsx(169,82): error TS2339: Property 'id' does not exist on type 'never'.
src/components/WhatIfDashboard.tsx(174,98): error TS2339: Property 'id' does not exist on type 'never'.
src/components/WhatIfDashboard.tsx(180,46): error TS7053: Element implicitly has an 'any' type because expression of type 'any' can't be used to index type '{}'.
src/components/WhatIfDashboard.tsx(180,76): error TS2339: Property 'id' does not exist on type 'never'.
src/components/WhatIfDashboard.tsx(193,49): error TS2339: Property 'id' does not exist on type 'never'.
src/components/WhatIfDashboard.tsx(195,80): error TS2339: Property 'section' does not exist on type 'never'.
src/components/WhatIfDashboard.tsx(196,88): error TS2339: Property 'id' does not exist on type 'never'.
src/components/WhatIfDashboard.tsx(199,80): error TS2339: Property 'id' does not exist on type 'never'.
src/components/WhatIfDashboard.tsx(200,155): error TS2345: Argument of type 'any' is not assignable to parameter of type 'never'.
src/components/WhatIfDashboard.tsx(200,161): error TS2339: Property 'id' does not exist on type 'never'.
src/components/WhatIfDashboard.tsx(205,86): error TS2345: Argument of type 'any' is not assignable to parameter of type 'never'.
src/components/WhatIfDashboard.tsx(205,92): error TS2339: Property 'id' does not exist on type 'never'.
src/components/WhatIfDashboard.tsx(230,82): error TS2339: Property 'predicted_conflicts' does not exist on type 'never'.
src/components/WhatIfDashboard.tsx(231,49): error TS2339: Property 'predicted_conflicts' does not exist on type 'never'.
src/components/WhatIfDashboard.tsx(237,42): error TS2571: Object is of type 'unknown'.
src/components/WhatIfDashboard.tsx(237,63): error TS2339: Property 'block_utilization' does not exist on type 'never'.
src/components/WhatIfDashboard.tsx(237,99): error TS18046: 'a' is of type 'unknown'.
src/components/WhatIfDashboard.tsx(237,103): error TS18046: 'b' is of type 'unknown'.
src/components/WhatIfDashboard.tsx(237,111): error TS2363: The right-hand side of an arithmetic operation must be of type 'any', 'number', 'bigint' or an enum type.
src/components/WhatIfDashboard.tsx(237,133): error TS2339: Property 'block_utilization' does not exist on type 'never'.
src/components/WhatIfDashboard.tsx(243,63): error TS2339: Property 'max_delays' does not exist on type 'never'.
src/components/WhatIfDashboard.tsx(243,87): error TS18046: 'd' is of type 'unknown'.
src/components/WhatIfDashboard.tsx(251,41): error TS2339: Property 'predicted_conflicts' does not exist on type 'never'.
src/components/WhatIfDashboard.tsx(255,49): error TS2339: Property 'predicted_conflicts' does not exist on type 'never'.
src/components/WhatIfDashboard.tsx(255,74): error TS7006: Parameter 'alert' implicitly has an 'any' type.
src/components/WhatIfDashboard.tsx(255,81): error TS7006: Parameter 'idx' implicitly has an 'any' type.
src/components/WhatIfDashboard.tsx(282,49): error TS2339: Property 'final_trains' does not exist on type 'never'.
src/components/WhatIfDashboard.tsx(282,66): error TS7006: Parameter 't' implicitly has an 'any' type.
src/components/WhatIfDashboard.tsx(285,111): error TS2339: Property 'id' does not exist on type 'never'.
src/components/WhatIfDashboard.tsx(285,125): error TS2339: Property 'distance' does not exist on type 'never'.
src/components/WhatIfDashboard.tsx(288,64): error TS2339: Property 'max_delays' does not exist on type 'never'.
src/map/TrackLayer.tsx(1,28): error TS6133: 'Popup' is declared but its value is never read.
src/pages/Analytics.tsx(1,20): error TS6133: 'useEffect' is declared but its value is never read.
src/pages/Analytics.tsx(3,1): error TS6133: 'KPIBar' is declared but its value is never read.
src/pages/Analytics.tsx(4,35): error TS6133: 'Zap' is declared but its value is never read.
